LCC Assemble/Link/Interpret/Debug Ver 5.8  Thu Dec 07 18:53:37 2023
Jones, Erin, S

Header
o
G     0000 sub
e     0004 j
A     0011
V     0013 i
C

Loc   Code           Source Code
                     .extern i
                     .extern j
                     .global sub
0000  f000 sub:      halt
0001  ae00           push lr
0002  aa00           push fp
0003  ab8c           mov fp, sp

0004  21ff           ld r0, j-1
0005  220b           ld r1, x
0006  6240           ldr r1, r1, 0
0007  1001           add r0, r0, r1
0008  220a           ld r1, z
0009  6240           ldr r1, r1, 0
000a  1001           add r0, r0, r1
000b  f002           dout r0
000c  f001           nl

000d  ad4c           mov sp, fp
000e  aa01           pop fp
000f  ae01           pop lr
0010  c1c0           ret
0011  0012 x:        .word z-1    
0012  000b c:        .word 11
0013  0002 z:        .word i+2
o

Output file m2x.o needs linking

========================================== Program statistics
Input file name       =      m2x.a
Instructions executed =    0 (hex)     0 (dec)
Program size          =   14 (hex)    20 (dec)
Max stack size        =    0 (hex)     0 (dec)
Load point            =    0 (hex)     0 (dec)
